dtrace: system integrity protection is on, some features will not be available
	PID/THRD  SYSCALL(args) 		 = return
29260/0x87038:  fork()		 = 0 0
29260/0x87038:  access("/AppleInternal/XBS/.isChrooted\0", 0x0, 0x0)		 = -1 2
29260/0x87038:  bsdthread_register(0x7FF8158F2F5C, 0x7FF8158F2F48, 0x2000)		 = 1073742303 0
29260/0x87038:  shm_open(0x7FF8157C0F5D, 0x0, 0x157BF78A)		 = 3 0
29260/0x87038:  fstat64(0x3, 0x7FF7B4922220, 0x0)		 = 0 0
29260/0x87038:  mmap(0x0, 0x2000, 0x1, 0x40001, 0x3, 0x0)		 = 0x10B6EE000 0
29260/0x87038:  close(0x3)		 = 0 0
29260/0x87038:  ioctl(0x2, 0x4004667A, 0x7FF7B49222D4)		 = -1 25
29260/0x87038:  ioctl(0x2, 0x40487413, 0x7FF7B49222D8)		 = -1 25
29260/0x87038:  mprotect(0x10B6F5000, 0x1000, 0x0)		 = 0 0
29260/0x87038:  mprotect(0x10B6FA000, 0x1000, 0x0)		 = 0 0
29260/0x87038:  mprotect(0x10B6FB000, 0x1000, 0x0)		 = 0 0
29260/0x87038:  mprotect(0x10B700000, 0x1000, 0x0)		 = 0 0
29260/0x87038:  mprotect(0x10B6F0000, 0x90, 0x1)		 = 0 0
29260/0x87038:  mprotect(0x10B6F0000, 0x90, 0x3)		 = 0 0
29260/0x87038:  mprotect(0x10B6F0000, 0x90, 0x1)		 = 0 0
29260/0x87038:  mprotect(0x10B701000, 0x1000, 0x1)		 = 0 0
29260/0x87038:  mprotect(0x10B702000, 0x90, 0x1)		 = 0 0
29260/0x87038:  mprotect(0x10B702000, 0x90, 0x3)		 = 0 0
29260/0x87038:  mprotect(0x10B702000, 0x90, 0x1)		 = 0 0
29260/0x87038:  mprotect(0x10B6F0000, 0x90, 0x3)		 = 0 0
29260/0x87038:  mprotect(0x10B6F0000, 0x90, 0x1)		 = 0 0
29260/0x87038:  mprotect(0x10B701000, 0x1000, 0x3)		 = 0 0
29260/0x87038:  mprotect(0x10B701000, 0x1000, 0x1)		 = 0 0
29260/0x87038:  issetugid(0x0, 0x0, 0x0)		 = 0 0
29260/0x87038:  getentropy(0x7FF7B49221B0, 0x20, 0x0)		 = 0 0
29260/0x87038:  getentropy(0x7FF7B4922210, 0x40, 0x0)		 = 0 0
29260/0x87038:  getpid(0x0, 0x0, 0x0)		 = 29260 0
29260/0x87038:  stat64("/AppleInternal\0", 0x7FF7B49227F0, 0x0)		 = -1 2
29260/0x87038:  csops_audittoken(0x724C, 0x10, 0x7FF7B4922330)		 = -1 22
29260/0x87038:  proc_info(0x2, 0x724C, 0xD)		 = 64 0
29260/0x87038:  csops_audittoken(0x724C, 0x10, 0x7FF7B4922400)		 = -1 22
29260/0x87038:  sysctlbyname(kern.osvariant_status, 0x15, 0x7FF7B4922838, 0x7FF7B4922840, 0x0)		 = 0 0
29260/0x87038:  csops(0x724C, 0x0, 0x7FF7B4922874)		 = 0 0
29260/0x87038:  mprotect(0x10B5EC000, 0x100000, 0x1)		 = 0 0
29260/0x87038:  getrlimit(0x1008, 0x7FF7B49233A0, 0x0)		 = 0 0
29260/0x87038:  fstat64(0x1, 0x7FF7B4923388, 0x0)		 = 0 0
29260/0x87038:  fstat64(0x0, 0x7FF7B4922FC8, 0x0)		 = 0 0
29260/0x87038:  ioctl(0x0, 0x4004667A, 0x7FF7B4923014)		 = 0 0
dtrace: error on enabled probe ID 1702 (ID 961: syscall::read_nocancel:return): invalid kernel access in action #13 at DIF offset 68
dtrace: error on enabled probe ID 1676 (ID 287: syscall::execve:return): invalid address (0x10b5dff8e) in action #12 at DIF offset 12
29260/0x87038:  pipe(0x0, 0x0, 0x0)		 = 3 0
29260/0x87038:  fork()		 = 29262 0
29262/0x8708d:  fork()		 = 0 0
29262/0x8708d:  thread_selfid(0x0, 0x0, 0x0)		 = 553101 0
29260/0x87038:  close(0x3)		 = 0 BS/.isChrooted0
29262/0x8708d:  bsdthread_register(0x7FF8158F2F5C, 0x7FF8158F2F48, 0x2000)		 = -1 22
29262/0x8708d:  mprotect(0x10B702000, 0x90, 0x3)		 = 0 0
29262/0x8708d:  mprotect(0x10B702000, 0x90, 0x1)		 = 0 0
29262/0x8708d:  close(0x4)		 = 0 0
29262/0x8708d:  dup2(0x3, 0x0, 0x0)		 = 0 0
29262/0x8708d:  close(0x3)		 = 0 0
29262/0x8708e:  fork()		 = 0 zf@0
29262/0x8708e:  thread_selfid(0x0, 0x0, 0x0)		 = 553102 tH@0
29262/0x8708e:  getpid(0x0, 0x0, 0x0)		 = 29262 0
29262/0x8708e:  open(".\0", 0x100000, 0x0)		 = 3 0
29262/0x8708e:  fcntl(0x3, 0x32, 0x7FF7BB114560)		 = 0 0
29262/0x8708e:  close(0x3)		 = 0 0
29262/0x8708e:  fsgetpath(0x7FF7BB114130, 0x400, 0x7FF7BB114108)		 = 28 0
29262/0x8708e:  fsgetpath(0x7FF7BB114540, 0x400, 0x7FF7BB114518)		 = 14 0
29262/0x8708e:  csrctl(0x0, 0x7FF7BB11497C, 0x4)		 = -1 1
29262/0x8708e:  __mac_syscall(0x110024E14, 0x5A, 0x7FF7BB114910)		 = 0 0
29262/0x8708e:  shared_region_check_np(0x7FF7BB112808, 0x0, 0x0)		 = 0 0
29262/0x8708e:  stat64("/System/Library/dyld/dyld_shared_cache_x86_64h\0", 0x7FF7BB112750, 0x0)		 = 0 0
29262/0x8708e:  mprotect(0x11002B000, 0x14000, 0x1)		 = 0 0
29262/0x8708e:  stat64("/Users/nadusha/lab2os/child\0", 0x7FF7BB114190, 0x0)		 = 0 0
29262/0x8708e:  stat64("/usr/lib/libSystem.B.dylib\0", 0x7FF7BB112420, 0x0)		 = -1 2
29262/0x8708e:  stat64("/usr/lib/system/libsystem_blocks.dylib\0", 0x7FF7BB110070, 0x0)		 = -1 2
29262/0x8708e:  stat64("/usr/lib/system/libxpc.dylib\0", 0x7FF7BB110070, 0x0)		 = -1 py2
29262/0x8708e:  stat64("/usr/lib/system/libsystem_trace.dylib\0", 0x7FF7BB110070, 0x0)		 = -1 2
29262/0x8708e:  stat64("/usr/lib/system/libcorecrypto.dylib\0", 0x7FF7BB110070, 0x0)		 = -1 2
29262/0x8708e:  stat64("/usr/lib/system/libsystem_malloc.dylib\0", 0x7FF7BB110070, 0x0)		 = -1 2
29262/0x8708e:  stat64("/usr/lib/system/libdispatch.dylib\0", 0x7FF7BB110070, 0x0)		 = -1 2
29262/0x8708e:  stat64("/usr/lib/libobjc.A.dylib\0", 0x7FF7BB110070, 0x0)		 = -1 2
29262/0x8708e:  stat64("/usr/lib/system/libsystem_featureflags.dylib\0", 0x7FF7BB110070, 0x0)		 = -1 2
29262/0x8708e:  stat64("/usr/lib/system/libsystem_c.dylib\0", 0x7FF7BB110070, 0x0)		 = -1 2
29262/0x8708e:  stat64("/usr/lib/libc++.1.dylib\0", 0x7FF7BB110070, 0x0)		 = -1 2
29262/0x8708e:  stat64("/usr/lib/libc++abi.dylib\0", 0x7FF7BB110070, 0x0)		 = -1 ioctl2
29262/0x8708e:  stat64("/usr/lib/system/libdyld.dylib\0", 0x7FF7BB110070, 0x0)		 = -1 2
29262/0x8708e:  stat64("/usr/lib/system/libsystem_info.dylib\0", 0x7FF7BB110070, 0x0)		 = -1 2
29262/0x8708e:  stat64("/usr/lib/system/libsystem_darwin.dylib\0", 0x7FF7BB110070, 0x0)		 = -1 2
29262/0x8708e:  stat64("/usr/lib/system/libsystem_notify.dylib\0", 0x7FF7BB110070, 0x0)		 = -1 2
29262/0x8708e:  stat64("/usr/lib/system/libsystem_networkextension.dylib\0", 0x7FF7BB110070, 0x0)		 = -1 2
29262/0x8708e:  stat64("/usr/lib/system/libsystem_asl.dylib\0", 0x7FF7BB110070, 0x0)		 = -1 2
29262/0x8708e:  stat64("/usr/lib/system/libsystem_symptoms.dylib\0", 0x7FF7BB110070, 0x0)		 = -1 2
29262/0x8708e:  stat64("/usr/lib/system/libsystem_containermanager.dylib\0", 0x7FF7BB110070, 0x0)		 = -1 2
29262/0x8708e:  stat64("/usr/lib/system/libsystem_configuration.dylib\0", 0x7FF7BB110070, 0x0)		 = -1 2
29262/0x8708e:  stat64("/usr/lib/system/libsystem_sandbox.dylib\0", 0x7FF7BB110070, 0x0)		 = -1 2
29262/0x8708e:  stat64("/usr/lib/system/libquarantine.dylib\0", 0x7FF7BB110070, 0x0)		 = -1 2
29262/0x8708e:  stat64("/usr/lib/system/libsystem_coreservices.dylib\0", 0x7FF7BB110070, 0x0)		 = -1 2
29262/0x8708e:  stat64("/usr/lib/system/libsystem_m.dylib\0", 0x7FF7BB110070, 0x0)		 = -1 2
29262/0x8708e:  stat64("/usr/lib/system/libmacho.dylib\0", 0x7FF7BB110070, 0x0)		 = -1 2
29262/0x8708e:  stat64("/usr/lib/system/libcommonCrypto.dylib\0", 0x7FF7BB110070, 0x0)		 = -1 2
29262/0x8708e:  stat64("/usr/lib/system/libunwind.dylib\0", 0x7FF7BB110070, 0x0)		 = -1 2
29262/0x8708e:  stat64("/usr/lib/liboah.dylib\0", 0x7FF7BB110070, 0x0)		 = -1 2
29262/0x8708e:  stat64("/usr/lib/system/libcopyfile.dylib\0", 0x7FF7BB110070, 0x0)		 = -1 2
29262/0x8708e:  stat64("/usr/lib/system/libcompiler_rt.dylib\0", 0x7FF7BB110070, 0x0)		 = -1 2
29262/0x8708e:  stat64("/usr/lib/system/libsystem_collections.dylib\0", 0x7FF7BB110070, 0x0)		 = -1 2
29262/0x8708e:  stat64("/usr/lib/system/libsystem_secinit.dylib\0", 0x7FF7BB110070, 0x0)		 = -1 2
29262/0x8708e:  stat64("/usr/lib/system/libremovefile.dylib\0", 0x7FF7BB110070, 0x0)		 = -1 2
29262/0x8708e:  stat64("/usr/lib/system/libkeymgr.dylib\0", 0x7FF7BB110070, 0x0)		 = -1 2
29262/0x8708e:  stat64("/usr/lib/system/libsystem_dnssd.dylib\0", 0x7FF7BB110070, 0x0)		 = -1 2
29262/0x8708e:  stat64("/usr/lib/system/libcache.dylib\0", 0x7FF7BB110070, 0x0)		 = -1 2
29262/0x8708e:  stat64("/usr/lib/libSystem.B.dylib\0", 0x7FF7BB110070, 0x0)		 = -1 2
29262/0x8708e:  stat64("/usr/lib/system/libsystem_product_info_filter.dylib\0", 0x7FF7BB110070, 0x0)		 = -1 2
29262/0x8708e:  open("/dev/dtracehelper\0", 0x2, 0x0)		 = 3 0
29262/0x8708e:  ioctl(0x3, 0x80086804, 0x7FF7BB112DF8)		 = 0 0
29262/0x8708e:  close(0x3)		 = 0 0
29262/0x8708e:  mprotect(0x104DEF000, 0x4000, 0x1)		 = 0 0
29262/0x8708e:  access("/AppleInternal/XBS/.isChrooted\0", 0x0, 0x0)		 = -1 2
29262/0x8708e:  bsdthread_register(0x7FF8158F2F5C, 0x7FF8158F2F48, 0x2000)		 = 1073742303 0
29262/0x8708e:  shm_open(0x7FF8157C0F5D, 0x0, 0x157BF78A)		 = 3 0
29262/0x8708e:  fstat64(0x3, 0x7FF7BB113220, 0x0)		 = 0 0
29262/0x8708e:  mmap(0x0, 0x2000, 0x1, 0x40001, 0x3, 0x0)		 = 0x104EFD000 0
29262/0x8708e:  close(0x3)		 = 0 0
29262/0x8708e:  ioctl(0x2, 0x4004667A, 0x7FF7BB1132D4)		 = -1 25
29262/0x8708e:  ioctl(0x2, 0x40487413, 0x7FF7BB1132D8)		 = -1 25
29262/0x8708e:  mprotect(0x104F04000, 0x1000, 0x0)		 = 0 0
29262/0x8708e:  mprotect(0x104F09000, 0x1000, 0x0)		 = 0 0
29262/0x8708e:  mprotect(0x104F0A000, 0x1000, 0x0)		 = 0 0
29262/0x8708e:  mprotect(0x104F0F000, 0x1000, 0x0)		 = 0 0
29262/0x8708e:  mprotect(0x104EFF000, 0x90, 0x1)		 = 0 0
29262/0x8708e:  mprotect(0x104EFF000, 0x90, 0x3)		 = 0 0
29262/0x8708e:  mprotect(0x104EFF000, 0x90, 0x1)		 = 0 0
29262/0x8708e:  mprotect(0x104F10000, 0x1000, 0x1)		 = 0 0
29262/0x8708e:  mprotect(0x104F11000, 0x90, 0x1)		 = 0 0
29262/0x8708e:  mprotect(0x104F11000, 0x90, 0x3)		 = 0 0
29262/0x8708e:  mprotect(0x104F11000, 0x90, 0x1)		 = 0 0
29262/0x8708e:  mprotect(0x104EFF000, 0x90, 0x3)		 = 0 0
29262/0x8708e:  mprotect(0x104EFF000, 0x90, 0x1)		 = 0 0
29262/0x8708e:  mprotect(0x104F10000, 0x1000, 0x3)		 = 0 0
29262/0x8708e:  mprotect(0x104F10000, 0x1000, 0x1)		 = 0 0
29262/0x8708e:  issetugid(0x0, 0x0, 0x0)		 = 0 0
29262/0x8708e:  getentropy(0x7FF7BB1131B0, 0x20, 0x0)		 = 0 0
29262/0x8708e:  getentropy(0x7FF7BB113210, 0x40, 0x0)		 = 0 0
29262/0x8708e:  getpid(0x0, 0x0, 0x0)		 = 29262 0
29262/0x8708e:  stat64("/AppleInternal\0", 0x7FF7BB1137F0, 0x0)		 = -1 2
29262/0x8708e:  csops_audittoken(0x724E, 0x10, 0x7FF7BB113330)		 = -1 22
29262/0x8708e:  proc_info(0x2, 0x724E, 0xD)		 = 64 0
29262/0x8708e:  csops_audittoken(0x724E, 0x10, 0x7FF7BB113400)		 = -1 22
29262/0x8708e:  sysctlbyname(kern.osvariant_status, 0x15, 0x7FF7BB113838, 0x7FF7BB113840, 0x0)		 = 0 0
29262/0x8708e:  csops(0x724E, 0x0, 0x7FF7BB113874)		 = 0 0
29262/0x8708e:  mprotect(0x104DFB000, 0x100000, 0x1)		 = 0 0
29262/0x8708e:  open("3\0", 0x209, 0x1A4)		 = 3 0
29262/0x8708e:  getrlimit(0x1008, 0x7FF7BB1145C0, 0x0)		 = 0 0
29262/0x8708e:  fstat64(0x0, 0x7FF7BB1145A8, 0x0)		 = 0 0
dtrace: error on enabled probe ID 1702 (ID 961: syscall::read_nocancel:return): invalid kernel access in action #13 at DIF offset 68
dtrace: error on enabled probe ID 1699 (ID 177: syscall::write:return): invalid kernel access in action #13 at DIF offset 68
dtrace: error on enabled probe ID 1702 (ID 961: syscall::read_nocancel:return): invalid kernel access in action #13 at DIF offset 68
dtrace: error on enabled probe ID 1699 (ID 177: syscall::write:return): invalid kernel access in action #13 at DIF offset 68
Enter filename:Enter number:
dtrace: error on enabled probe ID 1702 (ID 961: syscall::read_nocancel:return): invalid kernel access in action #13 at DIF offset 68
dtrace: error on enabled probe ID 1702 (ID 961: syscall::read_nocancel:return): invalid kernel access in action #13 at DIF offset 68
dtrace: error on enabled probe ID 1700 (ID 963: syscall::write_nocancel:return): invalid kernel access in action #13 at DIF offset 68
29260/0x87038:  close(0x4)		 = 0 0
29262/0x8708e:  close(0x3)		 = 0 0
29260/0x87038:  wait4(0x724E, 0x0, 0x0)		 = 29262 0

